------------------------------------------------------------
Timing Analyzer Summary
------------------------------------------------------------

Type  : Slow 1200mV 85C Model Setup 'clk'
Slack : -5.283
TNS   : -339.775

Type  : Slow 1200mV 85C Model Setup 'Boton_AR:B_Energia|boton_out'
Slack : 0.114
TNS   : 0.000

Type  : Slow 1200mV 85C Model Setup 'Boton_AR:B_Sueno|boton_out'
Slack : 0.114
TNS   : 0.000

Type  : Slow 1200mV 85C Model Setup 'Boton_AR:B_Test|boton_out'
Slack : 0.114
TNS   : 0.000

Type  : Slow 1200mV 85C Model Hold 'Boton_AR:B_Energia|boton_out'
Slack : 0.497
TNS   : 0.000

Type  : Slow 1200mV 85C Model Hold 'Boton_AR:B_Sueno|boton_out'
Slack : 0.497
TNS   : 0.000

Type  : Slow 1200mV 85C Model Hold 'Boton_AR:B_Test|boton_out'
Slack : 0.497
TNS   : 0.000

Type  : Slow 1200mV 85C Model Hold 'clk'
Slack : 0.501
TNS   : 0.000

Type  : Slow 1200mV 85C Model Minimum Pulse Width 'clk'
Slack : -3.000
TNS   : -101.142

Type  : Slow 1200mV 85C Model Minimum Pulse Width 'Boton_AR:B_Energia|boton_out'
Slack : -1.487
TNS   : -1.487

Type  : Slow 1200mV 85C Model Minimum Pulse Width 'Boton_AR:B_Sueno|boton_out'
Slack : -1.487
TNS   : -1.487

Type  : Slow 1200mV 85C Model Minimum Pulse Width 'Boton_AR:B_Test|boton_out'
Slack : -1.487
TNS   : -1.487

Type  : Slow 1200mV 0C Model Setup 'clk'
Slack : -4.929
TNS   : -317.021

Type  : Slow 1200mV 0C Model Setup 'Boton_AR:B_Energia|boton_out'
Slack : 0.208
TNS   : 0.000

Type  : Slow 1200mV 0C Model Setup 'Boton_AR:B_Sueno|boton_out'
Slack : 0.208
TNS   : 0.000

Type  : Slow 1200mV 0C Model Setup 'Boton_AR:B_Test|boton_out'
Slack : 0.208
TNS   : 0.000

Type  : Slow 1200mV 0C Model Hold 'Boton_AR:B_Energia|boton_out'
Slack : 0.445
TNS   : 0.000

Type  : Slow 1200mV 0C Model Hold 'Boton_AR:B_Sueno|boton_out'
Slack : 0.445
TNS   : 0.000

Type  : Slow 1200mV 0C Model Hold 'Boton_AR:B_Test|boton_out'
Slack : 0.445
TNS   : 0.000

Type  : Slow 1200mV 0C Model Hold 'clk'
Slack : 0.464
TNS   : 0.000

Type  : Slow 1200mV 0C Model Minimum Pulse Width 'clk'
Slack : -3.000
TNS   : -101.142

Type  : Slow 1200mV 0C Model Minimum Pulse Width 'Boton_AR:B_Energia|boton_out'
Slack : -1.487
TNS   : -1.487

Type  : Slow 1200mV 0C Model Minimum Pulse Width 'Boton_AR:B_Sueno|boton_out'
Slack : -1.487
TNS   : -1.487

Type  : Slow 1200mV 0C Model Minimum Pulse Width 'Boton_AR:B_Test|boton_out'
Slack : -1.487
TNS   : -1.487

Type  : Fast 1200mV 0C Model Setup 'clk'
Slack : -1.648
TNS   : -102.936

Type  : Fast 1200mV 0C Model Setup 'Boton_AR:B_Energia|boton_out'
Slack : 0.626
TNS   : 0.000

Type  : Fast 1200mV 0C Model Setup 'Boton_AR:B_Sueno|boton_out'
Slack : 0.626
TNS   : 0.000

Type  : Fast 1200mV 0C Model Setup 'Boton_AR:B_Test|boton_out'
Slack : 0.626
TNS   : 0.000

Type  : Fast 1200mV 0C Model Hold 'clk'
Slack : 0.203
TNS   : 0.000

Type  : Fast 1200mV 0C Model Hold 'Boton_AR:B_Energia|boton_out'
Slack : 0.208
TNS   : 0.000

Type  : Fast 1200mV 0C Model Hold 'Boton_AR:B_Sueno|boton_out'
Slack : 0.208
TNS   : 0.000

Type  : Fast 1200mV 0C Model Hold 'Boton_AR:B_Test|boton_out'
Slack : 0.208
TNS   : 0.000

Type  : Fast 1200mV 0C Model Minimum Pulse Width 'clk'
Slack : -3.000
TNS   : -73.267

Type  : Fast 1200mV 0C Model Minimum Pulse Width 'Boton_AR:B_Energia|boton_out'
Slack : -1.000
TNS   : -1.000

Type  : Fast 1200mV 0C Model Minimum Pulse Width 'Boton_AR:B_Sueno|boton_out'
Slack : -1.000
TNS   : -1.000

Type  : Fast 1200mV 0C Model Minimum Pulse Width 'Boton_AR:B_Test|boton_out'
Slack : -1.000
TNS   : -1.000

------------------------------------------------------------
