------------------------------------------------------------
Timing Analyzer Summary
------------------------------------------------------------

Type  : Slow 1200mV 85C Model Setup 'clk'
Slack : -4.758
TNS   : -559.239

Type  : Slow 1200mV 85C Model Setup 'display_hex:seg_display|cfreq[16]'
Slack : -1.983
TNS   : -16.466

Type  : Slow 1200mV 85C Model Hold 'clk'
Slack : 0.452
TNS   : 0.000

Type  : Slow 1200mV 85C Model Hold 'display_hex:seg_display|cfreq[16]'
Slack : 0.454
TNS   : 0.000

Type  : Slow 1200mV 85C Model Minimum Pulse Width 'clk'
Slack : -3.000
TNS   : -275.121

Type  : Slow 1200mV 85C Model Minimum Pulse Width 'display_hex:seg_display|cfreq[16]'
Slack : -1.487
TNS   : -23.792

Type  : Slow 1200mV 0C Model Setup 'clk'
Slack : -4.349
TNS   : -513.174

Type  : Slow 1200mV 0C Model Setup 'display_hex:seg_display|cfreq[16]'
Slack : -1.762
TNS   : -14.336

Type  : Slow 1200mV 0C Model Hold 'clk'
Slack : 0.401
TNS   : 0.000

Type  : Slow 1200mV 0C Model Hold 'display_hex:seg_display|cfreq[16]'
Slack : 0.402
TNS   : 0.000

Type  : Slow 1200mV 0C Model Minimum Pulse Width 'clk'
Slack : -3.000
TNS   : -275.121

Type  : Slow 1200mV 0C Model Minimum Pulse Width 'display_hex:seg_display|cfreq[16]'
Slack : -1.487
TNS   : -23.792

Type  : Fast 1200mV 0C Model Setup 'clk'
Slack : -1.469
TNS   : -137.967

Type  : Fast 1200mV 0C Model Setup 'display_hex:seg_display|cfreq[16]'
Slack : -0.310
TNS   : -1.025

Type  : Fast 1200mV 0C Model Hold 'clk'
Slack : 0.186
TNS   : 0.000

Type  : Fast 1200mV 0C Model Hold 'display_hex:seg_display|cfreq[16]'
Slack : 0.187
TNS   : 0.000

Type  : Fast 1200mV 0C Model Minimum Pulse Width 'clk'
Slack : -3.000
TNS   : -197.964

Type  : Fast 1200mV 0C Model Minimum Pulse Width 'display_hex:seg_display|cfreq[16]'
Slack : -1.000
TNS   : -16.000

------------------------------------------------------------
